DEPRECATED: The legacy builder is deprecated and will be removed in a future release.
            Install the buildx component to build images with BuildKit:
            https://docs.docker.com/go/buildx/

Sending build context to Docker daemon  4.608kB
Step 1/7 : FROM nvidia/cuda:12.6.3-devel-ubuntu22.04@sha256:1608a19a5d6f013d36abfb9ad50a42b4c0ef86f4ab48e351c6899f0280b946c1
 ---> 1608a19a5d6f
Step 2/7 : RUN test -x /usr/local/cuda/bin/nvcc  && NCU="$(ls -1 /usr/local/cuda/bin/ncu /opt/nvidia/nsight-compute/*/ncu 2>/dev/null | head -n 1)"  && test -n "$NCU"  && printf '#!/bin/sh\nexec %s "$@"\n' "$NCU" > /usr/local/bin/ncu  && printf '#!/bin/sh\nexec /usr/local/cuda/bin/nvcc "$@"\n' > /usr/local/bin/nvcc  && chmod 0755 /usr/local/bin/ncu /usr/local/bin/nvcc  && /usr/local/bin/nvcc --version  && /usr/local/bin/ncu --version
 ---> Using cache
 ---> 8d028c60a339
Step 3/7 : RUN useradd -u 10001 -m runner
 ---> Using cache
 ---> 5880d4f53f57
Step 4/7 : ENV NVIDIA_DRIVER_CAPABILITIES=compute,utility CUDA_MODULE_LOADING=EAGER
 ---> Using cache
 ---> 7bf6f375fba7
Step 5/7 : ENTRYPOINT []
 ---> Running in 9fe3de563ba8
 ---> Removed intermediate container 9fe3de563ba8
 ---> 2e52340d429d
Step 6/7 : USER 10001
 ---> Running in 975338971a3b
 ---> Removed intermediate container 975338971a3b
 ---> bb187f55cf88
Step 7/7 : WORKDIR /work
 ---> Running in 6dfe41ba793d
 ---> Removed intermediate container 6dfe41ba793d
 ---> 4f440a3ca551
Successfully built 4f440a3ca551
Successfully tagged lineage/cuda:m1
