Thu Oct  8 11:22:33 UTC 2026
Linux ml-ai-ubuntu-gpu-4000adax1-20gb-tor1 5.15.0-185-generic #195-Ubuntu SMP Fri Jun 19 17:11:50 UTC 2026 x86_64 x86_64 x86_64 GNU/Linux
Thu Oct  8 11:22:33 2026       
+-----------------------------------------------------------------------------------------+
| NVIDIA-SMI 580.173.02             Driver Version: 580.173.02     CUDA Version: 13.0     |
+-----------------------------------------+------------------------+----------------------+
| GPU  Name                 Persistence-M | Bus-Id          Disp.A | Volatile Uncorr. ECC |
| Fan  Temp   Perf          Pwr:Usage/Cap |           Memory-Usage | GPU-Util  Compute M. |
|                                         |                        |               MIG M. |
|=========================================+========================+======================|
|   0  NVIDIA RTX 4000 Ada Gene...    On  |   00000000:01:00.0 Off |                  Off |
| 30%   37C    P8             16W /  130W |       2MiB /  20475MiB |      0%      Default |
|                                         |                        |                  N/A |
+-----------------------------------------+------------------------+----------------------+

+-----------------------------------------------------------------------------------------+
| Processes:                                                                              |
|  GPU   GI   CI              PID   Type   Process name                        GPU Memory |
|        ID   ID                                                               Usage      |
|=========================================================================================|
|  No running processes found                                                             |
+-----------------------------------------------------------------------------------------+
index, name, compute_cap, driver_version, memory.total [MiB], clocks.max.sm [MHz]
0, NVIDIA RTX 4000 Ada Generation, 8.9, 580.173.02, 20475 MiB, 3105 MHz
RmProfilingAdminOnly: 0
docker 29.1.3
NVIDIA Container Toolkit CLI version 1.19.1
1.3.13
lineage commit 5d7ef678c4151740edd3f1ca85c74c42b5a88c59 2026-10-08T08:18:44-03:00
8
               total        used        free      shared  buff/cache   available
Mem:              31           0          22           0           7          30
Swap:              0           0           0
Filesystem      Size  Used Avail Use% Mounted on
/dev/vda1       485G   27G  458G   6% /
GPU 0 compute capability 8.9

==== build-image
DEPRECATED: The legacy builder is deprecated and will be removed in a future release.
            Install the buildx component to build images with BuildKit:
            https://docs.docker.com/go/buildx/

Sending build context to Docker daemon  4.608kB
Step 1/7 : FROM nvidia/cuda:12.6.3-devel-ubuntu22.04@sha256:1608a19a5d6f013d36abfb9ad50a42b4c0ef86f4ab48e351c6899f0280b946c1
 ---> 1608a19a5d6f
Step 2/7 : RUN test -x /usr/local/cuda/bin/nvcc  && NCU="$(ls -1 /usr/local/cuda/bin/ncu /opt/nvidia/nsight-compute/*/ncu 2>/dev/null | head -n 1)"  && test -n "$NCU"  && printf '#!/bin/sh\nexec %s "$@"\n' "$NCU" > /usr/local/bin/ncu  && printf '#!/bin/sh\nexec /usr/local/cuda/bin/nvcc "$@"\n' > /usr/local/bin/nvcc  && chmod 0755 /usr/local/bin/ncu /usr/local/bin/nvcc  && /usr/local/bin/nvcc --version  && /usr/local/bin/ncu --version
 ---> Using cache
 ---> 8d028c60a339
Step 3/7 : RUN useradd -u 10001 -m runner
 ---> Using cache
 ---> 5880d4f53f57
Step 4/7 : ENV NVIDIA_DRIVER_CAPABILITIES=compute,utility CUDA_MODULE_LOADING=EAGER
 ---> Using cache
 ---> 7bf6f375fba7
Step 5/7 : ENTRYPOINT []
 ---> Running in 9fe3de563ba8
 ---> Removed intermediate container 9fe3de563ba8
 ---> 2e52340d429d
Step 6/7 : USER 10001
 ---> Running in 975338971a3b
 ---> Removed intermediate container 975338971a3b
 ---> bb187f55cf88
Step 7/7 : WORKDIR /work
 ---> Running in 6dfe41ba793d
 ---> Removed intermediate container 6dfe41ba793d
 ---> 4f440a3ca551
Successfully built 4f440a3ca551
Successfully tagged lineage/cuda:m1
build-image exit=0 seconds=5

==== bun-install
bun install v1.3.13 (bf2e2cec)

Checked 23 installs across 19 packages (no changes) [2.00ms]
bun-install exit=0 seconds=0

==== unit-tests
bun test v1.3.13 (bf2e2cec)

packages/sandbox/test/parsers-recipe.test.ts:
(pass) parsers > libtest groups by target and handles doc tests and ignored [0.44ms]
(pass) parsers > junit counts failures and errors, skips skipped [0.12ms]
(pass) parsers > tap [0.10ms]
(pass) parsers > metrics [0.21ms]
(pass) recipes > fixture recipe loads, protects its overlay and hashes stably [1.22ms]
(pass) recipes > overlay contents change the recipe id [0.73ms]
(pass) recipes > validation rejects unpinned images and short commits [0.55ms]
(pass) docker args > sandbox hardening flags are always present; network only when asked [0.17ms]

packages/sandbox/test/cuda.test.ts:
(pass) ncu-inst parser (format samples, not measurements) > csv quoting keeps commas inside kernel signatures [0.07ms]
(pass) ncu-inst parser (format samples, not measurements) > long format: sums the metric over matching launches, ignores other metrics and ==PROF== lines [0.44ms]
(pass) ncu-inst parser (format samples, not measurements) > auto-scaled units are converted back to instructions [0.17ms]
(pass) ncu-inst parser (format samples, not measurements) > raw page format with a units row [0.07ms]
(pass) ncu-inst parser (format samples, not measurements) > parseMetric dispatches ncu-inst and ncu-inst:<regex>, reading stdout then stderr [0.09ms]
(pass) ncu-inst parser (format samples, not measurements) > failures are errors, never zero [0.14ms]
(pass) GPU device requests > --gpus only when requested, and no capability is added back [0.08ms]
(pass) GPU device requests > LINEAGE_GPU_DEVICE selects one GPU index [0.07ms]
(pass) GPU device requests > nvidia-smi query output (format sample) [0.09ms]
(pass) cuda recipes load and validate > fixture-cuda [0.35ms]
(pass) cuda recipes load and validate > llmc-cuda [0.29ms]
(pass) host GPU lock > serialises holders and takes over a lock whose owner is gone [93.20ms]

packages/protocol/test/verdict.test.ts:
(pass) judge > accepts a deterministic improvement both replays agree on [1.77ms]
(pass) judge > digest is stable and order independent, and changes with any input [0.98ms]
(pass) judge > pending below quorum; the author never counts [0.43ms]
(pass) judge > broken environment is excluded, not blamed [0.21ms]
(pass) judge > rejections carry the right reason [1.83ms]
(pass) judge > fix candidates must fix known failures without breaking stable tests [0.73ms]
(pass) judge > noisy metric: accepted with real gain, split when one replay misses it [104.16ms]
(pass) judge > two replays disagreeing on a deterministic field is a dispute [0.31ms]
(pass) judge > dispute with a third replay resolves by majority and names the minority [0.35ms]
(pass) judge > replays on different seeds are not cross-checked on seed-dependent fields [0.33ms]
(pass) judge > deterministic metric agreement uses tolerance [0.22ms]
(pass) judge > reference runner breaks a 2 to 2 tie [0.27ms]
(pass) judge > a single replay judged alone (canary check) accepts only what it claims [0.21ms]

packages/protocol/test/diff-guard.test.ts:
(pass) glob > double star spans directories, single star does not [0.13ms]
(pass) canonical diff > parses a real modify diff and counts lines [9.48ms]
(pass) canonical diff > canonical form drops index lines and is idempotent [8.59ms]
(pass) canonical diff > patch hash ignores file order, semantic hash ignores whitespace [17.19ms]
(pass) canonical diff > rejects garbage and truncated hunks [8.16ms]
(pass) guard > accepts a small allowed change [8.52ms]
(pass) guard > rejects protected test dir [8.27ms]
(pass) guard > rejects protected manifest [8.42ms]
(pass) guard > rejects protected wins over allowed [8.28ms]
(pass) guard > rejects outside allowed [8.01ms]
(pass) guard > rejects binary [8.10ms]
(pass) guard > rejects symlink [7.98ms]
(pass) guard > rejects mode change [7.73ms]
(pass) guard > rejects too many files [8.05ms]
(pass) guard > rejects too many lines [8.37ms]
(pass) guard > rejects path traversal and malformed input [0.26ms]
(pass) guard > flags harness and timing references without failing [8.34ms]

packages/protocol/test/auth.test.ts:
(pass) auth > base58 round trip with leading zeros [0.38ms]
(pass) auth > sign and verify requests; tampering fails [0.95ms]
(pass) auth > solana keypair json round trip [0.49ms]
(pass) auth > statements are domain separated by purpose and bind the canonical object [0.73ms]

packages/protocol/test/stats-econ.test.ts:
(pass) rng > deterministic per seed and roughly uniform [4.32ms]
(pass) stats > median and cv [0.15ms]
(pass) stats > bootstrap detects a real 10% improvement with 3% noise [9.19ms]
(pass) stats > bootstrap does not show an improvement where there is none [178.74ms]
(pass) stats > bootstrap is reproducible from its seed and respects direction [6.18ms]
(pass) economics > cost class clamps [0.06ms]
(pass) economics > effect value uses the conservative edge and caps [0.08ms]
(pass) economics > proportional split sums exactly to the pool [0.32ms]
(pass) economics > assignment excludes author and operator, is deterministic and bond-weighted [43.40ms]
(pass) economics > two replayers of one candidate never share an operator [1.57ms]
(pass) economics > merkle proofs verify for every leaf and fail for a wrong leaf [5.15ms]

packages/protocol/test/hardening.test.ts:
(pass) judge input hardening > a test reported both passing and failing is failing [0.44ms]
(pass) judge input hardening > negative, zero and non-finite samples are never measurements [0.46ms]
(pass) judge input hardening > a noisy metric needs its declared rounds of samples on both sides [41.06ms]
(pass) identifier hardening > fix target lists cannot collide through a comma [0.09ms]
(pass) CRLF files > a patch to a CRLF file keeps its CRs, applies, and hashes differently from the LF variant [9.54ms]

 70 pass
 0 fail
 505 expect() calls
Ran 70 tests across 7 files. [677.00ms]
unit-tests exit=0 seconds=0

==== doctor-gpu
PASS nvidia-smi sees a GPU on the host: 0: NVIDIA RTX 4000 Ada Generation sm 8.9 driver 580.173.02
PASS driver >= 560.35 (CUDA 12.6.3 toolkit in the image): 580.173.02
PASS host opens GPU performance counters to non-admin users: RmProfilingAdminOnly: 0
PASS GPU visible inside the hardened sandbox (uid 10001, read-only root): 10001 | NVIDIA RTX 4000 Ada Generation, 8.9 | ro
PASS nvcc builds and a kernel runs in the sandbox: no error

PASS ncu reads smsp__inst_executed.sum without extra capabilities: 425984 warp instructions
PASS the count is identical across two runs: 425984 vs 425984
7/7 checks passed; wrote results/gpu-20261008T112233Z/doctor-gpu.json
doctor-gpu exit=0 seconds=4

==== fixture-patches
calibration: stable 14, known failures 0, quarantined 0
  reduce_warp_inst: enabled cv=0 base=33445503 
  scale_warp_inst: enabled cv=0 base=2080800 
  reduce_us: enabled cv=0.0034515199925687144 base=129.024 
OK   perf_reduce          accepted                         ratio=0.4384    26.4s | expect accepted (sequential addressing: idle warps skip the add path and no integer modulo)
OK   perf_reduce_warp     accepted                         ratio=0.4367    26.5s | expect accepted on top of perf_reduce (last 64 elements reduced with warp shuffles, no barriers)
OK   perf_scale           accepted                         ratio=0.7784    26.6s | expect accepted (scale[r] loaded once instead of once per column; row pointer hoisted)
OK   equiv_change         rejected:equivalence_changed                     26.4s | expect rejected:equivalence_changed (stops at column 4096; unit tests use at most 1000 columns, the seeded equivalence shapes use 4000 to 9000)
OK   regress              rejected:no_improvement          ratio=1.0118    27.0s | expect rejected:no_improvement (two extra uncached loads per element; same result, more warp instructions)
OK   break_tests          rejected:tests_fail                              26.2s | expect rejected:tests_fail (drops the partial last block: fewer instructions, wrong sums for n not a multiple of 256)
OK   protected_test_edit  rejected:guard                                   3.8s | expect rejected:guard PROTECTED_PATH
7/7 outcomes as expected; wrote /root/lineage/fixtures/cuda-reduce-patches/check-last.json
fixture-patches exit=0 seconds=188

==== calibrate-fixture
recipe fixture-cuda id c4deb1cea0212ed37c0d514d05975a6e74669262e420a2ad0db942dd172a36b6
deps ecfcc9fc2e777639f51c975e2525074f266b5ed86c8bcf43eec2b2493cd65af2 (0.0 s, cached when ~0)
stable 14, known failures 0, quarantined 0, excluded 0
metric reduce_warp_inst: enabled cv=0.000e+0 base=33808089
metric scale_warp_inst: enabled cv=0.000e+0 base=1889860
metric reduce_us: enabled cv=2.251e-3 base=131.072
median_eval_seconds 14, calibration wall 25.8 s
wrote /root/lineage/recipes/fixture-cuda/calibration.json
calibrate-fixture exit=0 seconds=26

==== calibrate-llmc
recipe llmc-cuda id 0b734b874f70beb0bc8bbc5055d5ab1d7fffcd56125b74fec5f93b91e0a96a95
deps ecfcc9fc2e777639f51c975e2525074f266b5ed86c8bcf43eec2b2493cd65af2 (0.5 s, cached when ~0)
stable 16, known failures 1, quarantined 0, excluded 0
metric layernorm_fwd_inst: enabled cv=0.000e+0 base=3827712
metric fused_residual_fwd_inst: enabled cv=0.000e+0 base=4810752
metric encoder_fwd_inst: enabled cv=0.000e+0 base=2727936
metric gelu_fwd_inst: enabled cv=0.000e+0 base=25156088
metric gelu_bwd_inst: enabled cv=0.000e+0 base=45211376
metric layernorm_fwd_us: enabled cv=1.420e-2 base=24.560000000000002
median_eval_seconds 17, calibration wall 35.7 s
wrote /root/lineage/recipes/llmc-cuda/calibration.json
calibrate-llmc exit=0 seconds=36

DONE: 0 failed step(s). Results: results/gpu-20261008T112233Z and results/gpu-20261008T112233Z.tar.gz
build-image exit=0 seconds=5
bun-install exit=0 seconds=0
unit-tests exit=0 seconds=0
doctor-gpu exit=0 seconds=4
fixture-patches exit=0 seconds=188
calibrate-fixture exit=0 seconds=26
calibrate-llmc exit=0 seconds=36
